interactions:
- request:
    body: null
    headers:
      Accept:
      - '*/*'
      Accept-Encoding:
      - gzip, deflate
      Connection:
      - keep-alive
      User-Agent:
      - python-requests/2.32.3
    method: GET
    uri: https://eutils.ncbi.nlm.nih.gov/entrez/eutils/efetch.fcgi?db=nucleotide&id=NC_000016.10&rettype=fasta&seq_start=31427731&seq_stop=31427731&tool=bioutils&email=biocommons-dev@googlegroups.com
  response:
    body:
      string: '>NC_000016.10:31427731-31427731 Homo sapiens chromosome 16, GRCh38.p14
        Primary Assembly

        T


        '
    headers:
      Access-Control-Allow-Origin:
      - '*'
      Access-Control-Expose-Headers:
      - X-RateLimit-Limit,X-RateLimit-Remaining
      Cache-Control:
      - private
      Connection:
      - Keep-Alive
      Content-Disposition:
      - attachment; filename="sequence.fasta"
      Content-Security-Policy:
      - upgrade-insecure-requests
      Content-Type:
      - text/plain
      Date:
      - Fri, 03 Jan 2025 04:01:55 GMT
      Keep-Alive:
      - timeout=4, max=40
      NCBI-PHID:
      - D0BD4D15A8D0CB65000059CA5FED5ED9.1.1.m_5
      NCBI-SID:
      - C670CDCB306FC248_6BC5SID
      Referrer-Policy:
      - origin-when-cross-origin
      Server:
      - Finatra
      Set-Cookie:
      - ncbi_sid=C670CDCB306FC248_6BC5SID; domain=.nih.gov; path=/; expires=Sat, 03
        Jan 2026 04:01:54 GMT
      Strict-Transport-Security:
      - max-age=31536000; includeSubDomains; preload
      Transfer-Encoding:
      - chunked
      X-RateLimit-Limit:
      - '3'
      X-RateLimit-Remaining:
      - '0'
      X-UA-Compatible:
      - IE=Edge
      X-XSS-Protection:
      - 1; mode=block
      content-encoding:
      - gzip
    status:
      code: 200
      message: OK
- request:
    body: null
    headers:
      Accept:
      - '*/*'
      Accept-Encoding:
      - gzip, deflate
      Connection:
      - keep-alive
      User-Agent:
      - python-requests/2.32.3
    method: GET
    uri: https://eutils.ncbi.nlm.nih.gov/entrez/eutils/efetch.fcgi?db=nucleotide&id=NM_005205.3&rettype=fasta&seq_start=440&seq_stop=440&tool=bioutils&email=biocommons-dev@googlegroups.com
  response:
    body:
      string: '>NM_005205.3:440-440 Homo sapiens cytochrome c oxidase subunit 6A2
        (COX6A2), mRNA

        A


        '
    headers:
      Access-Control-Allow-Origin:
      - '*'
      Access-Control-Expose-Headers:
      - X-RateLimit-Limit,X-RateLimit-Remaining
      Cache-Control:
      - private
      Connection:
      - Keep-Alive
      Content-Disposition:
      - attachment; filename="sequence.fasta"
      Content-Security-Policy:
      - upgrade-insecure-requests
      Content-Type:
      - text/plain
      Date:
      - Fri, 03 Jan 2025 04:01:55 GMT
      Keep-Alive:
      - timeout=4, max=40
      NCBI-PHID:
      - 322C0114E2C07945000037CE47E40152.1.1.m_5
      NCBI-SID:
      - F07EBA22ED11E756_FBA6SID
      Referrer-Policy:
      - origin-when-cross-origin
      Server:
      - Finatra
      Set-Cookie:
      - ncbi_sid=F07EBA22ED11E756_FBA6SID; domain=.nih.gov; path=/; expires=Sat, 03
        Jan 2026 04:01:55 GMT
      Strict-Transport-Security:
      - max-age=31536000; includeSubDomains; preload
      Transfer-Encoding:
      - chunked
      X-RateLimit-Limit:
      - '3'
      X-RateLimit-Remaining:
      - '1'
      X-UA-Compatible:
      - IE=Edge
      X-XSS-Protection:
      - 1; mode=block
      content-encoding:
      - gzip
    status:
      code: 200
      message: OK
- request:
    body: null
    headers:
      Accept:
      - '*/*'
      Accept-Encoding:
      - gzip, deflate
      Connection:
      - keep-alive
      User-Agent:
      - python-requests/2.32.3
    method: GET
    uri: http://localhost:5000/seqrepo/1/sequence/NC_000016.10?start=31427730&end=31427731
  response:
    body:
      string: T
    headers:
      Connection:
      - close
      Content-Length:
      - '1'
      Content-Type:
      - text/plain; charset=utf-8
      Date:
      - Wed, 12 Feb 2025 23:35:05 GMT
      Server:
      - Werkzeug/2.2.3 Python/3.12.3
    status:
      code: 200
      message: OK
- request:
    body: null
    headers:
      Accept:
      - '*/*'
      Accept-Encoding:
      - gzip, deflate
      Connection:
      - keep-alive
      User-Agent:
      - python-requests/2.32.3
    method: GET
    uri: http://localhost:5000/seqrepo/1/sequence/NM_005205.3?start=439&end=440
  response:
    body:
      string: A
    headers:
      Connection:
      - close
      Content-Length:
      - '1'
      Content-Type:
      - text/plain; charset=utf-8
      Date:
      - Wed, 12 Feb 2025 23:35:05 GMT
      Server:
      - Werkzeug/2.2.3 Python/3.12.3
    status:
      code: 200
      message: OK
version: 1
