interactions:
- request:
    body: null
    headers:
      Accept:
      - '*/*'
      Accept-Encoding:
      - gzip, deflate
      Connection:
      - keep-alive
      User-Agent:
      - python-requests/2.32.3
    method: GET
    uri: https://eutils.ncbi.nlm.nih.gov/entrez/eutils/efetch.fcgi?db=nucleotide&id=NC_000009.11&rettype=fasta&seq_start=35658020&seq_stop=35658020&tool=bioutils&email=biocommons-dev@googlegroups.com
  response:
    body:
      string: '>NC_000009.11:35658020-35658020 Homo sapiens chromosome 9, GRCh37.p13
        Primary Assembly

        C


        '
    headers:
      Access-Control-Allow-Origin:
      - '*'
      Access-Control-Expose-Headers:
      - X-RateLimit-Limit,X-RateLimit-Remaining
      Cache-Control:
      - private
      Connection:
      - Keep-Alive
      Content-Disposition:
      - attachment; filename="sequence.fasta"
      Content-Security-Policy:
      - upgrade-insecure-requests
      Content-Type:
      - text/plain
      Date:
      - Fri, 03 Jan 2025 04:03:14 GMT
      Keep-Alive:
      - timeout=4, max=40
      NCBI-PHID:
      - 322C0114E2C0794500005ECE95E7D4D4.1.1.m_5
      NCBI-SID:
      - 0CC8E74FBA2122B9_46E3SID
      Referrer-Policy:
      - origin-when-cross-origin
      Server:
      - Finatra
      Set-Cookie:
      - ncbi_sid=0CC8E74FBA2122B9_46E3SID; domain=.nih.gov; path=/; expires=Sat, 03
        Jan 2026 04:03:14 GMT
      Strict-Transport-Security:
      - max-age=31536000; includeSubDomains; preload
      Transfer-Encoding:
      - chunked
      X-RateLimit-Limit:
      - '3'
      X-RateLimit-Remaining:
      - '0'
      X-UA-Compatible:
      - IE=Edge
      X-XSS-Protection:
      - 1; mode=block
      content-encoding:
      - gzip
    status:
      code: 200
      message: OK
- request:
    body: null
    headers:
      Accept:
      - '*/*'
      Accept-Encoding:
      - gzip, deflate
      Connection:
      - keep-alive
      User-Agent:
      - python-requests/2.32.3
    method: GET
    uri: https://eutils.ncbi.nlm.nih.gov/entrez/eutils/efetch.fcgi?db=nucleotide&id=NC_000009.11&rettype=fasta&seq_start=35658020&seq_stop=35658040&tool=bioutils&email=biocommons-dev@googlegroups.com
  response:
    body:
      string: '>NC_000009.11:35658020-35658040 Homo sapiens chromosome 9, GRCh37.p13
        Primary Assembly

        CCTCAGCTTCACAGAGTAGTA


        '
    headers:
      Access-Control-Allow-Origin:
      - '*'
      Access-Control-Expose-Headers:
      - X-RateLimit-Limit,X-RateLimit-Remaining
      Cache-Control:
      - private
      Connection:
      - Keep-Alive
      Content-Disposition:
      - attachment; filename="sequence.fasta"
      Content-Security-Policy:
      - upgrade-insecure-requests
      Content-Type:
      - text/plain
      Date:
      - Fri, 03 Jan 2025 04:03:14 GMT
      Keep-Alive:
      - timeout=4, max=40
      NCBI-PHID:
      - 322C0114E2C0794500005CCE978EB976.1.1.m_5
      NCBI-SID:
      - 5D97CD5A40363BA6_B9C5SID
      Referrer-Policy:
      - origin-when-cross-origin
      Server:
      - Finatra
      Set-Cookie:
      - ncbi_sid=5D97CD5A40363BA6_B9C5SID; domain=.nih.gov; path=/; expires=Sat, 03
        Jan 2026 04:03:15 GMT
      Strict-Transport-Security:
      - max-age=31536000; includeSubDomains; preload
      Transfer-Encoding:
      - chunked
      X-RateLimit-Limit:
      - '3'
      X-RateLimit-Remaining:
      - '0'
      X-UA-Compatible:
      - IE=Edge
      X-XSS-Protection:
      - 1; mode=block
      content-encoding:
      - gzip
    status:
      code: 200
      message: OK
- request:
    body: null
    headers:
      Accept:
      - '*/*'
      Accept-Encoding:
      - gzip, deflate
      Connection:
      - keep-alive
      User-Agent:
      - python-requests/2.32.3
    method: GET
    uri: https://eutils.ncbi.nlm.nih.gov/entrez/eutils/efetch.fcgi?db=nucleotide&id=NC_000009.11&rettype=fasta&seq_start=35658000&seq_stop=35658020&tool=bioutils&email=biocommons-dev@googlegroups.com
  response:
    body:
      string: '>NC_000009.11:35658000-35658020 Homo sapiens chromosome 9, GRCh37.p13
        Primary Assembly

        GCCTTCAGCACGAACCACGTC


        '
    headers:
      Access-Control-Allow-Origin:
      - '*'
      Access-Control-Expose-Headers:
      - X-RateLimit-Limit,X-RateLimit-Remaining
      Cache-Control:
      - private
      Connection:
      - Keep-Alive
      Content-Disposition:
      - attachment; filename="sequence.fasta"
      Content-Security-Policy:
      - upgrade-insecure-requests
      Content-Type:
      - text/plain
      Date:
      - Fri, 03 Jan 2025 04:03:15 GMT
      Keep-Alive:
      - timeout=4, max=40
      NCBI-PHID:
      - D0BD4D15A8D0CB65000048CB20DDAE39.1.1.m_5
      NCBI-SID:
      - D0D516208B60E13F_66E7SID
      Referrer-Policy:
      - origin-when-cross-origin
      Server:
      - Finatra
      Set-Cookie:
      - ncbi_sid=D0D516208B60E13F_66E7SID; domain=.nih.gov; path=/; expires=Sat, 03
        Jan 2026 04:03:15 GMT
      Strict-Transport-Security:
      - max-age=31536000; includeSubDomains; preload
      Transfer-Encoding:
      - chunked
      X-RateLimit-Limit:
      - '3'
      X-RateLimit-Remaining:
      - '0'
      X-UA-Compatible:
      - IE=Edge
      X-XSS-Protection:
      - 1; mode=block
      content-encoding:
      - gzip
    status:
      code: 200
      message: OK
- request:
    body: null
    headers:
      Accept:
      - '*/*'
      Accept-Encoding:
      - gzip, deflate
      Connection:
      - keep-alive
      User-Agent:
      - python-requests/2.32.3
    method: GET
    uri: https://eutils.ncbi.nlm.nih.gov/entrez/eutils/efetch.fcgi?db=nucleotide&id=NC_000009.11&rettype=fasta&seq_start=35657741&seq_stop=35657741&tool=bioutils&email=biocommons-dev@googlegroups.com
  response:
    body:
      string: '>NC_000009.11:35657741-35657741 Homo sapiens chromosome 9, GRCh37.p13
        Primary Assembly

        A


        '
    headers:
      Access-Control-Allow-Origin:
      - '*'
      Access-Control-Expose-Headers:
      - X-RateLimit-Limit,X-RateLimit-Remaining
      Cache-Control:
      - private
      Connection:
      - Keep-Alive
      Content-Disposition:
      - attachment; filename="sequence.fasta"
      Content-Security-Policy:
      - upgrade-insecure-requests
      Content-Type:
      - text/plain
      Date:
      - Fri, 03 Jan 2025 04:03:15 GMT
      Keep-Alive:
      - timeout=4, max=40
      NCBI-PHID:
      - D0BD4D15A8D0CB65000034CB215E5B47.1.1.m_5
      NCBI-SID:
      - 999050B1DB1B435E_C328SID
      Referrer-Policy:
      - origin-when-cross-origin
      Server:
      - Finatra
      Set-Cookie:
      - ncbi_sid=999050B1DB1B435E_C328SID; domain=.nih.gov; path=/; expires=Sat, 03
        Jan 2026 04:03:15 GMT
      Strict-Transport-Security:
      - max-age=31536000; includeSubDomains; preload
      Transfer-Encoding:
      - chunked
      X-RateLimit-Limit:
      - '3'
      X-RateLimit-Remaining:
      - '0'
      X-UA-Compatible:
      - IE=Edge
      X-XSS-Protection:
      - 1; mode=block
      content-encoding:
      - gzip
    status:
      code: 200
      message: OK
- request:
    body: null
    headers:
      Accept:
      - '*/*'
      Accept-Encoding:
      - gzip, deflate
      Connection:
      - keep-alive
      User-Agent:
      - python-requests/2.32.3
    method: GET
    uri: https://eutils.ncbi.nlm.nih.gov/entrez/eutils/efetch.fcgi?db=nucleotide&id=NC_000009.11&rettype=fasta&seq_start=35657741&seq_stop=35657761&tool=bioutils&email=biocommons-dev@googlegroups.com
  response:
    body:
      string: '>NC_000009.11:35657741-35657761 Homo sapiens chromosome 9, GRCh37.p13
        Primary Assembly

        ACAAAAAACAGCCGCGCTGAG


        '
    headers:
      Access-Control-Allow-Origin:
      - '*'
      Access-Control-Expose-Headers:
      - X-RateLimit-Limit,X-RateLimit-Remaining
      Cache-Control:
      - private
      Connection:
      - Keep-Alive
      Content-Disposition:
      - attachment; filename="sequence.fasta"
      Content-Security-Policy:
      - upgrade-insecure-requests
      Content-Type:
      - text/plain
      Date:
      - Fri, 03 Jan 2025 04:03:15 GMT
      Keep-Alive:
      - timeout=4, max=40
      NCBI-PHID:
      - 322C0114E2C0794500004ECE99E4D28A.1.1.m_5
      NCBI-SID:
      - A6B71B3A1B94C115_3752SID
      Referrer-Policy:
      - origin-when-cross-origin
      Server:
      - Finatra
      Set-Cookie:
      - ncbi_sid=A6B71B3A1B94C115_3752SID; domain=.nih.gov; path=/; expires=Sat, 03
        Jan 2026 04:03:16 GMT
      Strict-Transport-Security:
      - max-age=31536000; includeSubDomains; preload
      Transfer-Encoding:
      - chunked
      X-RateLimit-Limit:
      - '3'
      X-RateLimit-Remaining:
      - '0'
      X-UA-Compatible:
      - IE=Edge
      X-XSS-Protection:
      - 1; mode=block
      content-encoding:
      - gzip
    status:
      code: 200
      message: OK
- request:
    body: null
    headers:
      Accept:
      - '*/*'
      Accept-Encoding:
      - gzip, deflate
      Connection:
      - keep-alive
      User-Agent:
      - python-requests/2.32.3
    method: GET
    uri: https://eutils.ncbi.nlm.nih.gov/entrez/eutils/efetch.fcgi?db=nucleotide&id=NC_000009.11&rettype=fasta&seq_start=35657721&seq_stop=35657741&tool=bioutils&email=biocommons-dev@googlegroups.com
  response:
    body:
      string: '>NC_000009.11:35657721-35657741 Homo sapiens chromosome 9, GRCh37.p13
        Primary Assembly

        AGTGAGCCGTGGTCTCGGGAA


        '
    headers:
      Access-Control-Allow-Origin:
      - '*'
      Access-Control-Expose-Headers:
      - X-RateLimit-Limit,X-RateLimit-Remaining
      Cache-Control:
      - private
      Connection:
      - Keep-Alive
      Content-Disposition:
      - attachment; filename="sequence.fasta"
      Content-Security-Policy:
      - upgrade-insecure-requests
      Content-Type:
      - text/plain
      Date:
      - Fri, 03 Jan 2025 04:03:16 GMT
      Keep-Alive:
      - timeout=4, max=40
      NCBI-PHID:
      - D0BD4D15A8D0CB65000041CB22557A07.1.1.m_5
      NCBI-SID:
      - 66E3E9C2D83E753C_476ASID
      Referrer-Policy:
      - origin-when-cross-origin
      Server:
      - Finatra
      Set-Cookie:
      - ncbi_sid=66E3E9C2D83E753C_476ASID; domain=.nih.gov; path=/; expires=Sat, 03
        Jan 2026 04:03:16 GMT
      Strict-Transport-Security:
      - max-age=31536000; includeSubDomains; preload
      Transfer-Encoding:
      - chunked
      X-RateLimit-Limit:
      - '3'
      X-RateLimit-Remaining:
      - '0'
      X-UA-Compatible:
      - IE=Edge
      X-XSS-Protection:
      - 1; mode=block
      content-encoding:
      - gzip
    status:
      code: 200
      message: OK
- request:
    body: null
    headers:
      Accept:
      - '*/*'
      Accept-Encoding:
      - gzip, deflate
      Connection:
      - keep-alive
      User-Agent:
      - python-requests/2.32.3
    method: GET
    uri: https://eutils.ncbi.nlm.nih.gov/entrez/eutils/efetch.fcgi?db=nucleotide&id=NR_003051.3&rettype=fasta&seq_start=275&seq_stop=275&tool=bioutils&email=biocommons-dev@googlegroups.com
  response:
    body:
      string: '>NR_003051.3:275-275 Homo sapiens RNA component of mitochondrial RNA
        processing endoribonuclease (RMRP), RNase MRP RNA

        A


        '
    headers:
      Access-Control-Allow-Origin:
      - '*'
      Access-Control-Expose-Headers:
      - X-RateLimit-Limit,X-RateLimit-Remaining
      Cache-Control:
      - private
      Connection:
      - Keep-Alive
      Content-Disposition:
      - attachment; filename="sequence.fasta"
      Content-Security-Policy:
      - upgrade-insecure-requests
      Content-Type:
      - text/plain
      Date:
      - Fri, 03 Jan 2025 04:03:17 GMT
      Keep-Alive:
      - timeout=4, max=40
      NCBI-PHID:
      - 322C0114E2C07945000024CE9B950D0A.1.1.m_5
      NCBI-SID:
      - 08D6540D74C9463E_21F9SID
      Referrer-Policy:
      - origin-when-cross-origin
      Server:
      - Finatra
      Set-Cookie:
      - ncbi_sid=08D6540D74C9463E_21F9SID; domain=.nih.gov; path=/; expires=Sat, 03
        Jan 2026 04:03:17 GMT
      Strict-Transport-Security:
      - max-age=31536000; includeSubDomains; preload
      Transfer-Encoding:
      - chunked
      X-RateLimit-Limit:
      - '3'
      X-RateLimit-Remaining:
      - '0'
      X-UA-Compatible:
      - IE=Edge
      X-XSS-Protection:
      - 1; mode=block
      content-encoding:
      - gzip
    status:
      code: 200
      message: OK
- request:
    body: null
    headers:
      Accept:
      - '*/*'
      Accept-Encoding:
      - gzip, deflate
      Connection:
      - keep-alive
      User-Agent:
      - python-requests/2.32.3
    method: GET
    uri: https://eutils.ncbi.nlm.nih.gov/entrez/eutils/efetch.fcgi?db=nucleotide&id=NR_003051.3&rettype=fasta&seq_start=275&seq_stop=295&tool=bioutils&email=biocommons-dev@googlegroups.com
  response:
    body:
      string: '>NR_003051.3:275-277 Homo sapiens RNA component of mitochondrial RNA
        processing endoribonuclease (RMRP), RNase MRP RNA

        AAA


        '
    headers:
      Access-Control-Allow-Origin:
      - '*'
      Access-Control-Expose-Headers:
      - X-RateLimit-Limit,X-RateLimit-Remaining
      Cache-Control:
      - private
      Connection:
      - Keep-Alive
      Content-Disposition:
      - attachment; filename="sequence.fasta"
      Content-Security-Policy:
      - upgrade-insecure-requests
      Content-Type:
      - text/plain
      Date:
      - Fri, 03 Jan 2025 04:03:17 GMT
      Keep-Alive:
      - timeout=4, max=40
      NCBI-PHID:
      - 322C0114E2C0794500003DCE9CA7AC73.1.1.m_5
      NCBI-SID:
      - 10AED8C3A60F2570_F079SID
      Referrer-Policy:
      - origin-when-cross-origin
      Server:
      - Finatra
      Set-Cookie:
      - ncbi_sid=10AED8C3A60F2570_F079SID; domain=.nih.gov; path=/; expires=Sat, 03
        Jan 2026 04:03:17 GMT
      Strict-Transport-Security:
      - max-age=31536000; includeSubDomains; preload
      Transfer-Encoding:
      - chunked
      X-RateLimit-Limit:
      - '3'
      X-RateLimit-Remaining:
      - '0'
      X-UA-Compatible:
      - IE=Edge
      X-XSS-Protection:
      - 1; mode=block
      content-encoding:
      - gzip
    status:
      code: 200
      message: OK
- request:
    body: null
    headers:
      Accept:
      - '*/*'
      Accept-Encoding:
      - gzip, deflate
      Connection:
      - keep-alive
      User-Agent:
      - python-requests/2.32.3
    method: GET
    uri: https://eutils.ncbi.nlm.nih.gov/entrez/eutils/efetch.fcgi?db=nucleotide&id=NC_000001.10&rettype=fasta&seq_start=18807339&seq_stop=18807339&tool=bioutils&email=biocommons-dev@googlegroups.com
  response:
    body:
      string: '>NC_000001.10:18807339-18807339 Homo sapiens chromosome 1, GRCh37.p13
        Primary Assembly

        T


        '
    headers:
      Access-Control-Allow-Origin:
      - '*'
      Access-Control-Expose-Headers:
      - X-RateLimit-Limit,X-RateLimit-Remaining
      Cache-Control:
      - private
      Connection:
      - Keep-Alive
      Content-Disposition:
      - attachment; filename="sequence.fasta"
      Content-Security-Policy:
      - upgrade-insecure-requests
      Content-Type:
      - text/plain
      Date:
      - Fri, 03 Jan 2025 04:03:18 GMT
      Keep-Alive:
      - timeout=4, max=40
      NCBI-PHID:
      - 322C0114E2C07945000022CE9E7919E3.1.1.m_5
      NCBI-SID:
      - 9A0CD1C7A113AE55_04EASID
      Referrer-Policy:
      - origin-when-cross-origin
      Server:
      - Finatra
      Set-Cookie:
      - ncbi_sid=9A0CD1C7A113AE55_04EASID; domain=.nih.gov; path=/; expires=Sat, 03
        Jan 2026 04:03:18 GMT
      Strict-Transport-Security:
      - max-age=31536000; includeSubDomains; preload
      Transfer-Encoding:
      - chunked
      X-RateLimit-Limit:
      - '3'
      X-RateLimit-Remaining:
      - '1'
      X-UA-Compatible:
      - IE=Edge
      X-XSS-Protection:
      - 1; mode=block
      content-encoding:
      - gzip
    status:
      code: 200
      message: OK
- request:
    body: null
    headers:
      Accept:
      - '*/*'
      Accept-Encoding:
      - gzip, deflate
      Connection:
      - keep-alive
      User-Agent:
      - python-requests/2.32.3
    method: GET
    uri: https://eutils.ncbi.nlm.nih.gov/entrez/eutils/efetch.fcgi?db=nucleotide&id=NC_000001.10&rettype=fasta&seq_start=18807339&seq_stop=18807359&tool=bioutils&email=biocommons-dev@googlegroups.com
  response:
    body:
      string: '>NC_000001.10:18807339-18807359 Homo sapiens chromosome 1, GRCh37.p13
        Primary Assembly

        TCCTCTCCTCGGCTGGCCAGC


        '
    headers:
      Access-Control-Allow-Origin:
      - '*'
      Access-Control-Expose-Headers:
      - X-RateLimit-Limit,X-RateLimit-Remaining
      Cache-Control:
      - private
      Connection:
      - Keep-Alive
      Content-Disposition:
      - attachment; filename="sequence.fasta"
      Content-Security-Policy:
      - upgrade-insecure-requests
      Content-Type:
      - text/plain
      Date:
      - Fri, 03 Jan 2025 04:03:18 GMT
      Keep-Alive:
      - timeout=4, max=40
      NCBI-PHID:
      - 322C0114E2C07945000031CE9F5E1048.1.1.m_5
      NCBI-SID:
      - 53D7B1B2509EE63B_9D38SID
      Referrer-Policy:
      - origin-when-cross-origin
      Server:
      - Finatra
      Set-Cookie:
      - ncbi_sid=53D7B1B2509EE63B_9D38SID; domain=.nih.gov; path=/; expires=Sat, 03
        Jan 2026 04:03:18 GMT
      Strict-Transport-Security:
      - max-age=31536000; includeSubDomains; preload
      Transfer-Encoding:
      - chunked
      X-RateLimit-Limit:
      - '3'
      X-RateLimit-Remaining:
      - '1'
      X-UA-Compatible:
      - IE=Edge
      X-XSS-Protection:
      - 1; mode=block
      content-encoding:
      - gzip
    status:
      code: 200
      message: OK
- request:
    body: null
    headers:
      Accept:
      - '*/*'
      Accept-Encoding:
      - gzip, deflate
      Connection:
      - keep-alive
      User-Agent:
      - python-requests/2.32.3
    method: GET
    uri: http://localhost:5000/seqrepo/1/sequence/NC_000009.11?start=35658019&end=35658020
  response:
    body:
      string: C
    headers:
      Connection:
      - close
      Content-Length:
      - '1'
      Content-Type:
      - text/plain; charset=utf-8
      Date:
      - Wed, 12 Feb 2025 23:35:04 GMT
      Server:
      - Werkzeug/2.2.3 Python/3.12.3
    status:
      code: 200
      message: OK
- request:
    body: null
    headers:
      Accept:
      - '*/*'
      Accept-Encoding:
      - gzip, deflate
      Connection:
      - keep-alive
      User-Agent:
      - python-requests/2.32.3
    method: GET
    uri: http://localhost:5000/seqrepo/1/sequence/NC_000009.11?start=35658019&end=35658040
  response:
    body:
      string: CCTCAGCTTCACAGAGTAGTA
    headers:
      Connection:
      - close
      Content-Length:
      - '21'
      Content-Type:
      - text/plain; charset=utf-8
      Date:
      - Wed, 12 Feb 2025 23:35:04 GMT
      Server:
      - Werkzeug/2.2.3 Python/3.12.3
    status:
      code: 200
      message: OK
- request:
    body: null
    headers:
      Accept:
      - '*/*'
      Accept-Encoding:
      - gzip, deflate
      Connection:
      - keep-alive
      User-Agent:
      - python-requests/2.32.3
    method: GET
    uri: http://localhost:5000/seqrepo/1/sequence/NC_000009.11?start=35657999&end=35658020
  response:
    body:
      string: GCCTTCAGCACGAACCACGTC
    headers:
      Connection:
      - close
      Content-Length:
      - '21'
      Content-Type:
      - text/plain; charset=utf-8
      Date:
      - Wed, 12 Feb 2025 23:35:04 GMT
      Server:
      - Werkzeug/2.2.3 Python/3.12.3
    status:
      code: 200
      message: OK
- request:
    body: null
    headers:
      Accept:
      - '*/*'
      Accept-Encoding:
      - gzip, deflate
      Connection:
      - keep-alive
      User-Agent:
      - python-requests/2.32.3
    method: GET
    uri: http://localhost:5000/seqrepo/1/sequence/NC_000009.11?start=35657740&end=35657741
  response:
    body:
      string: A
    headers:
      Connection:
      - close
      Content-Length:
      - '1'
      Content-Type:
      - text/plain; charset=utf-8
      Date:
      - Wed, 12 Feb 2025 23:35:04 GMT
      Server:
      - Werkzeug/2.2.3 Python/3.12.3
    status:
      code: 200
      message: OK
- request:
    body: null
    headers:
      Accept:
      - '*/*'
      Accept-Encoding:
      - gzip, deflate
      Connection:
      - keep-alive
      User-Agent:
      - python-requests/2.32.3
    method: GET
    uri: http://localhost:5000/seqrepo/1/sequence/NC_000009.11?start=35657740&end=35657761
  response:
    body:
      string: ACAAAAAACAGCCGCGCTGAG
    headers:
      Connection:
      - close
      Content-Length:
      - '21'
      Content-Type:
      - text/plain; charset=utf-8
      Date:
      - Wed, 12 Feb 2025 23:35:04 GMT
      Server:
      - Werkzeug/2.2.3 Python/3.12.3
    status:
      code: 200
      message: OK
- request:
    body: null
    headers:
      Accept:
      - '*/*'
      Accept-Encoding:
      - gzip, deflate
      Connection:
      - keep-alive
      User-Agent:
      - python-requests/2.32.3
    method: GET
    uri: http://localhost:5000/seqrepo/1/sequence/NC_000009.11?start=35657720&end=35657741
  response:
    body:
      string: AGTGAGCCGTGGTCTCGGGAA
    headers:
      Connection:
      - close
      Content-Length:
      - '21'
      Content-Type:
      - text/plain; charset=utf-8
      Date:
      - Wed, 12 Feb 2025 23:35:04 GMT
      Server:
      - Werkzeug/2.2.3 Python/3.12.3
    status:
      code: 200
      message: OK
- request:
    body: null
    headers:
      Accept:
      - '*/*'
      Accept-Encoding:
      - gzip, deflate
      Connection:
      - keep-alive
      User-Agent:
      - python-requests/2.32.3
    method: GET
    uri: http://localhost:5000/seqrepo/1/sequence/NR_003051.3?start=274&end=275
  response:
    body:
      string: A
    headers:
      Connection:
      - close
      Content-Length:
      - '1'
      Content-Type:
      - text/plain; charset=utf-8
      Date:
      - Wed, 12 Feb 2025 23:35:04 GMT
      Server:
      - Werkzeug/2.2.3 Python/3.12.3
    status:
      code: 200
      message: OK
- request:
    body: null
    headers:
      Accept:
      - '*/*'
      Accept-Encoding:
      - gzip, deflate
      Connection:
      - keep-alive
      User-Agent:
      - python-requests/2.32.3
    method: GET
    uri: http://localhost:5000/seqrepo/1/sequence/NR_003051.3?start=274&end=295
  response:
    body:
      string: AAA
    headers:
      Connection:
      - close
      Content-Length:
      - '3'
      Content-Type:
      - text/plain; charset=utf-8
      Date:
      - Wed, 12 Feb 2025 23:35:04 GMT
      Server:
      - Werkzeug/2.2.3 Python/3.12.3
    status:
      code: 200
      message: OK
- request:
    body: null
    headers:
      Accept:
      - '*/*'
      Accept-Encoding:
      - gzip, deflate
      Connection:
      - keep-alive
      User-Agent:
      - python-requests/2.32.3
    method: GET
    uri: http://localhost:5000/seqrepo/1/sequence/NC_000001.10?start=18807338&end=18807339
  response:
    body:
      string: T
    headers:
      Connection:
      - close
      Content-Length:
      - '1'
      Content-Type:
      - text/plain; charset=utf-8
      Date:
      - Wed, 12 Feb 2025 23:35:04 GMT
      Server:
      - Werkzeug/2.2.3 Python/3.12.3
    status:
      code: 200
      message: OK
- request:
    body: null
    headers:
      Accept:
      - '*/*'
      Accept-Encoding:
      - gzip, deflate
      Connection:
      - keep-alive
      User-Agent:
      - python-requests/2.32.3
    method: GET
    uri: http://localhost:5000/seqrepo/1/sequence/NC_000001.10?start=18807338&end=18807359
  response:
    body:
      string: TCCTCTCCTCGGCTGGCCAGC
    headers:
      Connection:
      - close
      Content-Length:
      - '21'
      Content-Type:
      - text/plain; charset=utf-8
      Date:
      - Wed, 12 Feb 2025 23:35:04 GMT
      Server:
      - Werkzeug/2.2.3 Python/3.12.3
    status:
      code: 200
      message: OK
version: 1
